pcprobe armed
consolelog lines=74
D130 130000=0050 pc=EF069E
D130 130002=0000 pc=EF069E
D130 130000=0051 pc=EF069E
D130 130002=0000 pc=EF069E
D130 130000=0052 pc=EF069E
D130 130002=0000 pc=EF069E
D130 130000=0053 pc=EF069E
D130 130002=0000 pc=EF069E
D130 130000=0054 pc=EF069E
D130 130002=0000 pc=EF069E
D130 130000=0055 pc=EF069E
D130 130002=0000 pc=EF069E
D130 130000=0056 pc=EF069E
D130 130002=0000 pc=EF069E
D130 130000=0057 pc=EF069E
D130 130002=0000 pc=EF069E
D130 130000=0050 pc=EF069E
D130 130002=0000 pc=EF069E
D130 130000=0051 pc=EF069E
D130 130002=0000 pc=EF069E
total D130=72
CURPC now=FF8426
DONE
