kn5000_subcpu_boot.ic30 ROM NEEDS REDUMP
kn5000_rhythm_data_rom.ic14 ROM NEEDS REDUMP
kn5000_waveform_rom.ic307 ROM NEEDS REDUMP
kn5000_waveform_rom.ic307 ROM NEEDS REDUMP
kn5000_waveform_rom.ic307 ROM NEEDS REDUMP
WARNING: the machine might not run correctly.
DT demo engaged at t=23.97
DT t=125  countdown[0x0D2F]=  0  parts[0x10420]=0x044A  state[0x8D38]=0xE4  transport=0x04
DT t=126  countdown[0x0D2F]=  0  parts[0x10420]=0x044A  state[0x8D38]=0xE4  transport=0x04
DT t=127  countdown[0x0D2F]=  0  parts[0x10420]=0x044A  state[0x8D38]=0xE4  transport=0x04
DT t=128  countdown[0x0D2F]=  0  parts[0x10420]=0x044A  state[0x8D38]=0xE4  transport=0x04
DT t=129  countdown[0x0D2F]=  0  parts[0x10420]=0x044A  state[0x8D38]=0xE4  transport=0x04
DT t=130  countdown[0x0D2F]=  0  parts[0x10420]=0x044A  state[0x8D38]=0xE4  transport=0x04
DT t=131  countdown[0x0D2F]=  0  parts[0x10420]=0x044A  state[0x8D38]=0xE4  transport=0x04
DT t=132  countdown[0x0D2F]=  0  parts[0x10420]=0x044A  state[0x8D38]=0xE4  transport=0x04
DT t=133  countdown[0x0D2F]=  0  parts[0x10420]=0x044A  state[0x8D38]=0xE4  transport=0x04
DT t=134  countdown[0x0D2F]=  0  parts[0x10420]=0x044A  state[0x8D38]=0xE4  transport=0x04
DT t=135  countdown[0x0D2F]=  0  parts[0x10420]=0x044A  state[0x8D38]=0xE4  transport=0x04
DT t=136  countdown[0x0D2F]=  0  parts[0x10420]=0x044A  state[0x8D38]=0xE4  transport=0x04
DT t=137  countdown[0x0D2F]=  0  parts[0x10420]=0x044A  state[0x8D38]=0xE4  transport=0x04
DT t=138  countdown[0x0D2F]=  0  parts[0x10420]=0x044A  state[0x8D38]=0xE4  transport=0x04
DT t=139  countdown[0x0D2F]=  0  parts[0x10420]=0x044A  state[0x8D38]=0xE4  transport=0x04
DT t=140  countdown[0x0D2F]=  0  parts[0x10420]=0x044A  state[0x8D38]=0xE4  transport=0x00
DT t=141  countdown[0x0D2F]=  0  parts[0x10420]=0x044A  state[0x8D38]=0xE4  transport=0x00
DT t=142  countdown[0x0D2F]=  0  parts[0x10420]=0x044A  state[0x8D38]=0xE4  transport=0x00
DT t=143  countdown[0x0D2F]=  0  parts[0x10420]=0x044A  state[0x8D38]=0xE4  transport=0x00
DT t=144  countdown[0x0D2F]=  0  parts[0x10420]=0x044A  state[0x8D38]=0xE4  transport=0x00
DT t=145  countdown[0x0D2F]=  0  parts[0x10420]=0x044A  state[0x8D38]=0xE4  transport=0x00
DT t=146  countdown[0x0D2F]=  0  parts[0x10420]=0x044A  state[0x8D38]=0xE4  transport=0x00
DT t=147  countdown[0x0D2F]=  0  parts[0x10420]=0x044A  state[0x8D38]=0xE4  transport=0x00
DT t=148  countdown[0x0D2F]=  0  parts[0x10420]=0x044A  state[0x8D38]=0xE4  transport=0x00
DT t=149  countdown[0x0D2F]=  0  parts[0x10420]=0x044A  state[0x8D38]=0xE4  transport=0x00
DT t=150  countdown[0x0D2F]=  0  parts[0x10420]=0x044A  state[0x8D38]=0xE4  transport=0x00
DT t=151  countdown[0x0D2F]=  0  parts[0x10420]=0x044A  state[0x8D38]=0xE4  transport=0x00
DT t=152  countdown[0x0D2F]=  0  parts[0x10420]=0x044A  state[0x8D38]=0xE4  transport=0x00
DT t=153  countdown[0x0D2F]=  0  parts[0x10420]=0x044A  state[0x8D38]=0xE4  transport=0x00
DT t=154  countdown[0x0D2F]=  0  parts[0x10420]=0x044A  state[0x8D38]=0xE4  transport=0x00
DT t=155  countdown[0x0D2F]=  0  parts[0x10420]=0x044A  state[0x8D38]=0xE4  transport=0x00
DT t=156  countdown[0x0D2F]=  0  parts[0x10420]=0x044A  state[0x8D38]=0xE4  transport=0x00
DT t=157  countdown[0x0D2F]=  0  parts[0x10420]=0x044A  state[0x8D38]=0xE4  transport=0x00
DT t=158  countdown[0x0D2F]=  0  parts[0x10420]=0x044A  state[0x8D38]=0xE4  transport=0x00
DT t=159  countdown[0x0D2F]=  0  parts[0x10420]=0x044A  state[0x8D38]=0xE4  transport=0x00
DT t=160  countdown[0x0D2F]=  0  parts[0x10420]=0x044A  state[0x8D38]=0xE4  transport=0x00
DT t=161  countdown[0x0D2F]=  0  parts[0x10420]=0x044A  state[0x8D38]=0xE4  transport=0x00
DT t=162  countdown[0x0D2F]=  0  parts[0x10420]=0x044A  state[0x8D38]=0xE4  transport=0x00
DT t=163  countdown[0x0D2F]=  0  parts[0x10420]=0x044A  state[0x8D38]=0xE4  transport=0x00
DT t=164  countdown[0x0D2F]=  0  parts[0x10420]=0x044A  state[0x8D38]=0xE4  transport=0x00
DT t=165  countdown[0x0D2F]=  0  parts[0x10420]=0x044A  state[0x8D38]=0xE4  transport=0x00
DT t=166  countdown[0x0D2F]=  0  parts[0x10420]=0x044A  state[0x8D38]=0xE4  transport=0x00
DT t=167  countdown[0x0D2F]=  0  parts[0x10420]=0x044A  state[0x8D38]=0xE4  transport=0x00
DT t=168  countdown[0x0D2F]=  0  parts[0x10420]=0x044A  state[0x8D38]=0xE4  transport=0x00
DT t=169  countdown[0x0D2F]=  0  parts[0x10420]=0x044A  state[0x8D38]=0xE4  transport=0x00
DT t=170  countdown[0x0D2F]=  0  parts[0x10420]=0x044A  state[0x8D38]=0xE4  transport=0x00
DT t=171  countdown[0x0D2F]=  0  parts[0x10420]=0x044A  state[0x8D38]=0xE4  transport=0x00
DT t=172  countdown[0x0D2F]=  0  parts[0x10420]=0x044A  state[0x8D38]=0xE4  transport=0x00
DT t=173  countdown[0x0D2F]=  0  parts[0x10420]=0x044A  state[0x8D38]=0xE4  transport=0x00
DT t=174  countdown[0x0D2F]=  0  parts[0x10420]=0x044A  state[0x8D38]=0xE4  transport=0x00
DT t=175  countdown[0x0D2F]=  0  parts[0x10420]=0x044A  state[0x8D38]=0xE4  transport=0x00
DT t=176  countdown[0x0D2F]=  0  parts[0x10420]=0x044A  state[0x8D38]=0xE4  transport=0x00
DT t=177  countdown[0x0D2F]=  0  parts[0x10420]=0x044A  state[0x8D38]=0xE4  transport=0x00
DT t=178  countdown[0x0D2F]=  0  parts[0x10420]=0x044A  state[0x8D38]=0xE4  transport=0x00
DT t=179  countdown[0x0D2F]=  0  parts[0x10420]=0x044A  state[0x8D38]=0xE4  transport=0x00
DT t=180  countdown[0x0D2F]=  0  parts[0x10420]=0x044A  state[0x8D38]=0xE4  transport=0x00
DT t=181  countdown[0x0D2F]=  0  parts[0x10420]=0x044A  state[0x8D38]=0xE4  transport=0x00
DT t=182  countdown[0x0D2F]=  0  parts[0x10420]=0x044A  state[0x8D38]=0xE4  transport=0x00
DT t=183  countdown[0x0D2F]=  0  parts[0x10420]=0x044A  state[0x8D38]=0xE4  transport=0x00
DT t=184  countdown[0x0D2F]=  0  parts[0x10420]=0x044A  state[0x8D38]=0xE4  transport=0x00
DT t=185  countdown[0x0D2F]=  0  parts[0x10420]=0x044A  state[0x8D38]=0xE4  transport=0x00
DT t=186  countdown[0x0D2F]=  0  parts[0x10420]=0x044A  state[0x8D38]=0xE4  transport=0x00
DT t=187  countdown[0x0D2F]=  0  parts[0x10420]=0x044A  state[0x8D38]=0xE4  transport=0x00
DT t=188  countdown[0x0D2F]=  0  parts[0x10420]=0x044A  state[0x8D38]=0xE4  transport=0x00
DT t=189  countdown[0x0D2F]=  0  parts[0x10420]=0x044A  state[0x8D38]=0xE4  transport=0x00
DT t=190  countdown[0x0D2F]=  0  parts[0x10420]=0x044A  state[0x8D38]=0xE4  transport=0x00
DT t=191  countdown[0x0D2F]=  0  parts[0x10420]=0x044A  state[0x8D38]=0xE4  transport=0x00
DT t=192  countdown[0x0D2F]=  0  parts[0x10420]=0x044A  state[0x8D38]=0xE4  transport=0x00
DT t=193  countdown[0x0D2F]=  0  parts[0x10420]=0x044A  state[0x8D38]=0xE4  transport=0x00
DT t=194  countdown[0x0D2F]=  0  parts[0x10420]=0x044A  state[0x8D38]=0xE4  transport=0x00
DT t=195  countdown[0x0D2F]=  0  parts[0x10420]=0x044A  state[0x8D38]=0xE4  transport=0x00
DT t=196  countdown[0x0D2F]=  0  parts[0x10420]=0x044A  state[0x8D38]=0xE4  transport=0x00
DT t=197  countdown[0x0D2F]=  0  parts[0x10420]=0x044A  state[0x8D38]=0xE4  transport=0x00
DT t=198  countdown[0x0D2F]=  0  parts[0x10420]=0x044A  state[0x8D38]=0xE4  transport=0x00
DT t=199  countdown[0x0D2F]=  0  parts[0x10420]=0x044A  state[0x8D38]=0xE4  transport=0x00
DT t=200  countdown[0x0D2F]=  0  parts[0x10420]=0x044A  state[0x8D38]=0xE4  transport=0x00
DT t=201  countdown[0x0D2F]=  0  parts[0x10420]=0x044A  state[0x8D38]=0xE4  transport=0x00
DT t=202  countdown[0x0D2F]=  0  parts[0x10420]=0x044A  state[0x8D38]=0xE4  transport=0x00
DT t=203  countdown[0x0D2F]=  0  parts[0x10420]=0x044A  state[0x8D38]=0xE4  transport=0x00
DT t=204  countdown[0x0D2F]=  0  parts[0x10420]=0x044A  state[0x8D38]=0xE4  transport=0x00
DT t=205  countdown[0x0D2F]=  0  parts[0x10420]=0x044A  state[0x8D38]=0xE4  transport=0x00
DT t=206  countdown[0x0D2F]=  0  parts[0x10420]=0x044A  state[0x8D38]=0xE4  transport=0x00
DT t=207  countdown[0x0D2F]=  0  parts[0x10420]=0x044A  state[0x8D38]=0xE4  transport=0x00
DT t=208  countdown[0x0D2F]=  0  parts[0x10420]=0x044A  state[0x8D38]=0xE4  transport=0x00
DT t=209  countdown[0x0D2F]=  0  parts[0x10420]=0x044A  state[0x8D38]=0xE4  transport=0x00
DT t=210  countdown[0x0D2F]=  0  parts[0x10420]=0x044A  state[0x8D38]=0xE4  transport=0x00
Average speed: 108.98% (209 seconds)
