kn5000_subcpu_boot.ic30 ROM NEEDS REDUMP
kn5000_rhythm_data_rom.ic14 ROM NEEDS REDUMP
kn5000_waveform_rom.ic307 ROM NEEDS REDUMP
kn5000_waveform_rom.ic307 ROM NEEDS REDUMP
kn5000_waveform_rom.ic307 ROM NEEDS REDUMP
WARNING: the machine might not run correctly.
P9 observing only -- no navigation
P9 t=20 transport=00 subtick=00 wd=00 acc=00 8d38=01
P9 t=21 transport=00 subtick=00 wd=00 acc=00 8d38=01
P9 t=22 transport=00 subtick=00 wd=00 acc=00 8d38=01
P9 t=23 transport=00 subtick=00 wd=00 acc=00 8d38=01
P9 t=24 transport=00 subtick=00 wd=00 acc=00 8d38=01
P9 t=25 transport=00 subtick=00 wd=00 acc=00 8d38=01
P9 t=26 transport=00 subtick=00 wd=00 acc=00 8d38=01
P9 t=27 transport=00 subtick=00 wd=00 acc=00 8d38=01
P9 t=28 transport=00 subtick=00 wd=00 acc=00 8d38=01
P9 t=29 transport=00 subtick=00 wd=00 acc=00 8d38=01
P9 t=30 transport=00 subtick=00 wd=00 acc=00 8d38=01
P9 t=31 transport=00 subtick=00 wd=00 acc=00 8d38=01
P9 t=32 transport=00 subtick=00 wd=00 acc=00 8d38=01
P9 t=33 transport=00 subtick=00 wd=00 acc=00 8d38=01
P9 t=34 transport=00 subtick=00 wd=00 acc=00 8d38=01
P9 t=35 transport=00 subtick=00 wd=00 acc=00 8d38=01
P9 t=36 transport=00 subtick=00 wd=00 acc=00 8d38=01
P9 t=37 transport=00 subtick=00 wd=00 acc=00 8d38=01
P9 t=38 transport=00 subtick=00 wd=00 acc=00 8d38=01
P9 t=39 transport=00 subtick=00 wd=00 acc=00 8d38=01
P9 t=40 transport=00 subtick=00 wd=00 acc=00 8d38=01
P9 t=41 transport=00 subtick=00 wd=00 acc=00 8d38=01
P9 t=42 transport=00 subtick=00 wd=00 acc=00 8d38=01
P9 t=43 transport=00 subtick=00 wd=00 acc=00 8d38=01
P9 t=44 transport=00 subtick=00 wd=00 acc=00 8d38=01
P9 t=45 transport=00 subtick=00 wd=00 acc=00 8d38=01
P9 t=46 transport=00 subtick=00 wd=00 acc=00 8d38=01
P9 t=47 transport=00 subtick=00 wd=00 acc=00 8d38=01
P9 t=48 transport=00 subtick=00 wd=00 acc=00 8d38=01
P9 t=49 transport=00 subtick=00 wd=00 acc=00 8d38=01
P9 t=50 transport=00 subtick=00 wd=00 acc=00 8d38=01
P9 t=51 transport=00 subtick=00 wd=00 acc=00 8d38=01
P9 t=52 transport=00 subtick=00 wd=00 acc=00 8d38=01
P9 t=53 transport=00 subtick=00 wd=00 acc=00 8d38=01
P9 t=54 transport=00 subtick=00 wd=00 acc=00 8d38=01
P9 t=55 transport=00 subtick=00 wd=00 acc=00 8d38=01
P9 t=56 transport=00 subtick=00 wd=00 acc=00 8d38=01
P9 t=57 transport=00 subtick=00 wd=00 acc=00 8d38=01
P9 t=58 transport=00 subtick=00 wd=00 acc=00 8d38=01
P9 t=59 transport=00 subtick=00 wd=00 acc=00 8d38=01
P9 t=60 transport=00 subtick=00 wd=00 acc=00 8d38=01
P9 t=61 transport=00 subtick=00 wd=00 acc=00 8d38=01
P9 t=62 transport=00 subtick=00 wd=00 acc=00 8d38=01
P9 t=63 transport=00 subtick=00 wd=00 acc=00 8d38=01
P9 t=64 transport=00 subtick=00 wd=00 acc=00 8d38=01
P9 t=65 transport=00 subtick=00 wd=00 acc=00 8d38=01
P9 t=66 transport=00 subtick=00 wd=00 acc=00 8d38=01
P9 t=67 transport=00 subtick=00 wd=00 acc=00 8d38=01
P9 t=68 transport=00 subtick=00 wd=00 acc=00 8d38=01
P9 t=69 transport=00 subtick=00 wd=00 acc=00 8d38=01
P9 t=70 transport=00 subtick=00 wd=00 acc=00 8d38=01
P9 t=71 transport=00 subtick=00 wd=00 acc=00 8d38=01
P9 t=72 transport=00 subtick=00 wd=00 acc=00 8d38=01
P9 t=73 transport=00 subtick=00 wd=00 acc=00 8d38=01
P9 t=74 transport=00 subtick=00 wd=00 acc=00 8d38=01
P9 t=75 transport=00 subtick=00 wd=00 acc=00 8d38=01
P9 t=76 transport=00 subtick=00 wd=00 acc=00 8d38=01
P9 t=77 transport=00 subtick=00 wd=00 acc=00 8d38=01
P9 t=78 transport=00 subtick=00 wd=00 acc=00 8d38=01
P9 t=79 transport=00 subtick=00 wd=00 acc=00 8d38=01
P9 t=80 transport=00 subtick=00 wd=00 acc=00 8d38=01
P9 t=81 transport=00 subtick=00 wd=00 acc=00 8d38=01
P9 t=82 transport=00 subtick=00 wd=00 acc=00 8d38=01
P9 t=83 transport=00 subtick=00 wd=00 acc=00 8d38=01
P9 t=84 transport=00 subtick=00 wd=00 acc=00 8d38=01
P9 t=85 transport=00 subtick=00 wd=00 acc=00 8d38=01
P9 t=86 transport=00 subtick=00 wd=00 acc=00 8d38=01
P9 t=87 transport=00 subtick=00 wd=00 acc=00 8d38=01
P9 t=88 transport=00 subtick=00 wd=00 acc=00 8d38=01
P9 t=89 transport=00 subtick=00 wd=00 acc=00 8d38=01
P9 t=90 transport=00 subtick=00 wd=00 acc=00 8d38=01
P9 t=91 transport=00 subtick=00 wd=00 acc=00 8d38=01
P9 t=92 transport=00 subtick=00 wd=00 acc=00 8d38=01
P9 t=93 transport=00 subtick=00 wd=00 acc=00 8d38=01
P9 t=94 transport=00 subtick=00 wd=00 acc=00 8d38=01
P9 t=95 transport=00 subtick=00 wd=00 acc=00 8d38=01
P9 t=96 transport=00 subtick=00 wd=00 acc=00 8d38=01
P9 t=97 transport=00 subtick=00 wd=00 acc=00 8d38=01
P9 t=98 transport=00 subtick=00 wd=00 acc=00 8d38=01
P9 t=99 transport=00 subtick=00 wd=00 acc=00 8d38=01
P9 t=100 transport=00 subtick=00 wd=00 acc=00 8d38=01
P9 t=101 transport=00 subtick=00 wd=00 acc=00 8d38=01
P9 t=102 transport=00 subtick=00 wd=00 acc=00 8d38=01
P9 t=103 transport=00 subtick=00 wd=00 acc=00 8d38=01
P9 t=104 transport=00 subtick=00 wd=00 acc=00 8d38=01
P9 t=105 transport=00 subtick=00 wd=00 acc=00 8d38=01
P9 t=106 transport=00 subtick=00 wd=00 acc=00 8d38=01
P9 t=107 transport=00 subtick=00 wd=00 acc=00 8d38=01
P9 t=108 transport=00 subtick=00 wd=00 acc=00 8d38=01
P9 t=109 transport=00 subtick=00 wd=00 acc=00 8d38=01
P9 t=110 transport=00 subtick=00 wd=00 acc=00 8d38=01
P9 t=111 transport=00 subtick=00 wd=00 acc=00 8d38=01
P9 t=112 transport=00 subtick=00 wd=00 acc=00 8d38=01
P9 t=113 transport=00 subtick=00 wd=00 acc=00 8d38=01
P9 t=114 transport=00 subtick=00 wd=00 acc=00 8d38=01
P9 t=115 transport=00 subtick=00 wd=00 acc=00 8d38=01
P9 t=116 transport=00 subtick=00 wd=00 acc=00 8d38=01
P9 t=117 transport=00 subtick=00 wd=00 acc=00 8d38=01
P9 t=118 transport=00 subtick=00 wd=00 acc=00 8d38=01
P9 t=119 transport=00 subtick=00 wd=00 acc=00 8d38=01
P9 t=120 transport=00 subtick=00 wd=00 acc=00 8d38=01
P9 t=121 transport=00 subtick=00 wd=00 acc=00 8d38=01
P9 t=122 transport=00 subtick=00 wd=00 acc=00 8d38=01
P9 t=123 transport=00 subtick=00 wd=00 acc=00 8d38=01
P9 t=124 transport=00 subtick=00 wd=00 acc=00 8d38=01
P9 t=125 transport=00 subtick=00 wd=00 acc=00 8d38=01
P9 t=126 transport=00 subtick=00 wd=00 acc=00 8d38=01
P9 t=127 transport=00 subtick=00 wd=00 acc=00 8d38=01
P9 t=128 transport=00 subtick=00 wd=00 acc=00 8d38=01
P9 t=129 transport=00 subtick=00 wd=00 acc=00 8d38=01
P9 t=130 transport=00 subtick=00 wd=00 acc=00 8d38=01
P9 t=131 transport=00 subtick=00 wd=00 acc=00 8d38=01
P9 t=132 transport=00 subtick=00 wd=00 acc=00 8d38=01
P9 t=133 transport=00 subtick=00 wd=00 acc=00 8d38=01
P9 t=134 transport=00 subtick=00 wd=00 acc=00 8d38=01
P9 t=135 transport=00 subtick=00 wd=00 acc=00 8d38=01
P9 t=136 transport=00 subtick=00 wd=00 acc=00 8d38=01
P9 t=137 transport=00 subtick=00 wd=00 acc=00 8d38=01
P9 t=138 transport=00 subtick=00 wd=00 acc=00 8d38=01
P9 t=139 transport=00 subtick=00 wd=00 acc=00 8d38=01
P9 t=140 transport=00 subtick=00 wd=00 acc=00 8d38=01
P9 t=141 transport=00 subtick=00 wd=00 acc=00 8d38=01
P9 t=142 transport=00 subtick=00 wd=00 acc=00 8d38=01
P9 t=143 transport=00 subtick=00 wd=00 acc=00 8d38=01
P9 t=144 transport=00 subtick=00 wd=00 acc=00 8d38=01
P9 t=145 transport=00 subtick=00 wd=00 acc=00 8d38=01
P9 t=146 transport=00 subtick=00 wd=00 acc=00 8d38=01
P9 t=147 transport=00 subtick=00 wd=00 acc=00 8d38=01
P9 t=148 transport=00 subtick=00 wd=00 acc=00 8d38=01
P9 t=149 transport=00 subtick=00 wd=00 acc=00 8d38=01
P9 t=150 transport=00 subtick=00 wd=00 acc=00 8d38=01
P9 t=151 transport=00 subtick=00 wd=00 acc=00 8d38=01
P9 t=152 transport=00 subtick=00 wd=00 acc=00 8d38=01
P9 t=153 transport=00 subtick=00 wd=00 acc=00 8d38=01
P9 t=154 transport=00 subtick=00 wd=00 acc=00 8d38=01
P9 t=155 transport=00 subtick=00 wd=00 acc=00 8d38=01
P9 t=156 transport=00 subtick=00 wd=00 acc=00 8d38=01
P9 t=157 transport=00 subtick=00 wd=00 acc=00 8d38=01
P9 t=158 transport=00 subtick=00 wd=00 acc=00 8d38=01
P9 t=159 transport=00 subtick=00 wd=00 acc=00 8d38=01
P9 t=160 transport=00 subtick=00 wd=00 acc=00 8d38=01
P9 t=161 transport=00 subtick=00 wd=00 acc=00 8d38=01
P9 t=162 transport=00 subtick=00 wd=00 acc=00 8d38=01
P9 t=163 transport=00 subtick=00 wd=00 acc=00 8d38=01
P9 t=164 transport=00 subtick=00 wd=00 acc=00 8d38=01
P9 t=165 transport=00 subtick=00 wd=00 acc=00 8d38=01
P9 t=166 transport=00 subtick=00 wd=00 acc=00 8d38=01
P9 t=167 transport=00 subtick=00 wd=00 acc=00 8d38=01
P9 t=168 transport=00 subtick=00 wd=00 acc=00 8d38=01
P9 t=169 transport=00 subtick=00 wd=00 acc=00 8d38=01
P9 t=170 transport=00 subtick=00 wd=00 acc=00 8d38=01
P9 t=171 transport=00 subtick=00 wd=00 acc=00 8d38=01
P9 t=172 transport=00 subtick=00 wd=00 acc=00 8d38=01
P9 t=173 transport=00 subtick=00 wd=00 acc=00 8d38=01
P9 t=174 transport=00 subtick=00 wd=00 acc=00 8d38=01
P9 t=175 transport=00 subtick=00 wd=00 acc=00 8d38=01
P9 t=176 transport=00 subtick=00 wd=00 acc=00 8d38=01
P9 t=177 transport=00 subtick=00 wd=00 acc=00 8d38=01
P9 t=178 transport=00 subtick=00 wd=00 acc=00 8d38=01
P9 t=179 transport=00 subtick=00 wd=00 acc=00 8d38=01
P9 t=180 transport=00 subtick=00 wd=00 acc=00 8d38=01
P9 t=181 transport=00 subtick=00 wd=00 acc=00 8d38=01
P9 t=182 transport=00 subtick=00 wd=00 acc=00 8d38=01
P9 t=183 transport=00 subtick=00 wd=00 acc=00 8d38=01
P9 t=184 transport=00 subtick=00 wd=00 acc=00 8d38=01
P9 t=185 transport=00 subtick=00 wd=00 acc=00 8d38=01
P9 t=186 transport=00 subtick=00 wd=00 acc=00 8d38=01
P9 t=187 transport=00 subtick=00 wd=00 acc=00 8d38=01
P9 t=188 transport=00 subtick=00 wd=00 acc=00 8d38=01
P9 t=189 transport=00 subtick=00 wd=00 acc=00 8d38=01
P9 t=190 transport=00 subtick=00 wd=00 acc=00 8d38=01
P9 t=191 transport=00 subtick=00 wd=00 acc=00 8d38=01
P9 t=192 transport=00 subtick=00 wd=00 acc=00 8d38=01
P9 t=193 transport=00 subtick=00 wd=00 acc=00 8d38=01
P9 t=194 transport=00 subtick=00 wd=00 acc=00 8d38=01
P9 t=195 transport=00 subtick=00 wd=00 acc=00 8d38=01
P9 t=196 transport=00 subtick=00 wd=00 acc=00 8d38=01
P9 t=197 transport=00 subtick=00 wd=00 acc=00 8d38=01
P9 t=198 transport=00 subtick=00 wd=00 acc=00 8d38=01
P9 t=199 transport=00 subtick=00 wd=00 acc=00 8d38=01
P9 t=200 transport=00 subtick=00 wd=00 acc=00 8d38=01
P9 t=201 transport=00 subtick=00 wd=00 acc=00 8d38=01
P9 t=202 transport=00 subtick=00 wd=00 acc=00 8d38=01
P9 t=203 transport=00 subtick=00 wd=00 acc=00 8d38=01
P9 t=204 transport=00 subtick=00 wd=00 acc=00 8d38=01
P9 t=205 transport=00 subtick=00 wd=00 acc=00 8d38=01
P9 t=206 transport=00 subtick=00 wd=00 acc=00 8d38=01
P9 t=207 transport=00 subtick=00 wd=00 acc=00 8d38=01
P9 t=208 transport=00 subtick=00 wd=00 acc=00 8d38=01
P9 t=209 transport=00 subtick=00 wd=00 acc=00 8d38=01
P9 t=210 transport=00 subtick=00 wd=00 acc=00 8d38=01
P9 t=211 transport=00 subtick=00 wd=00 acc=00 8d38=01
P9 t=212 transport=00 subtick=00 wd=00 acc=00 8d38=01
P9 t=213 transport=00 subtick=00 wd=00 acc=00 8d38=01
P9 t=214 transport=00 subtick=00 wd=00 acc=00 8d38=01
P9 t=215 transport=00 subtick=00 wd=00 acc=00 8d38=01
P9 t=216 transport=00 subtick=00 wd=00 acc=00 8d38=01
P9 t=217 transport=00 subtick=00 wd=00 acc=00 8d38=01
P9 t=218 transport=00 subtick=00 wd=00 acc=00 8d38=01
P9 t=219 transport=00 subtick=00 wd=00 acc=00 8d38=01
P9 t=220 transport=00 subtick=00 wd=00 acc=00 8d38=01
P9 t=221 transport=00 subtick=00 wd=00 acc=00 8d38=01
P9 t=222 transport=00 subtick=00 wd=00 acc=00 8d38=01
P9 t=223 transport=00 subtick=00 wd=00 acc=00 8d38=01
P9 t=224 transport=00 subtick=00 wd=00 acc=00 8d38=01
P9 t=225 transport=00 subtick=00 wd=00 acc=00 8d38=01
P9 t=226 transport=00 subtick=00 wd=00 acc=00 8d38=01
P9 t=227 transport=00 subtick=00 wd=00 acc=00 8d38=01
P9 t=228 transport=00 subtick=00 wd=00 acc=00 8d38=01
P9 t=229 transport=00 subtick=00 wd=00 acc=00 8d38=01
P9 t=230 transport=00 subtick=00 wd=00 acc=00 8d38=01
P9 t=231 transport=00 subtick=00 wd=00 acc=00 8d38=01
P9 t=232 transport=00 subtick=00 wd=00 acc=00 8d38=01
P9 t=233 transport=00 subtick=00 wd=00 acc=00 8d38=01
P9 t=234 transport=00 subtick=00 wd=00 acc=00 8d38=01
P9 t=235 transport=00 subtick=00 wd=00 acc=00 8d38=01
P9 t=236 transport=00 subtick=00 wd=00 acc=00 8d38=01
P9 t=237 transport=00 subtick=00 wd=00 acc=00 8d38=01
P9 t=238 transport=00 subtick=00 wd=00 acc=00 8d38=01
P9 t=239 transport=00 subtick=00 wd=00 acc=00 8d38=01
P9 t=240 transport=00 subtick=00 wd=00 acc=00 8d38=01
P9 t=241 transport=00 subtick=00 wd=00 acc=00 8d38=01
P9 t=242 transport=00 subtick=00 wd=00 acc=00 8d38=01
P9 t=243 transport=00 subtick=00 wd=00 acc=00 8d38=01
P9 t=244 transport=00 subtick=00 wd=00 acc=00 8d38=01
P9 t=245 transport=00 subtick=00 wd=00 acc=00 8d38=01
P9 t=246 transport=00 subtick=00 wd=00 acc=00 8d38=01
P9 t=247 transport=00 subtick=00 wd=00 acc=00 8d38=01
P9 t=248 transport=00 subtick=00 wd=00 acc=00 8d38=01
P9 t=249 transport=00 subtick=00 wd=00 acc=00 8d38=01
P9 t=250 transport=00 subtick=00 wd=00 acc=00 8d38=01
P9 t=251 transport=00 subtick=00 wd=00 acc=00 8d38=01
P9 t=252 transport=00 subtick=00 wd=00 acc=00 8d38=01
P9 t=253 transport=00 subtick=00 wd=00 acc=00 8d38=01
P9 t=254 transport=00 subtick=00 wd=00 acc=00 8d38=01
P9 t=255 transport=00 subtick=00 wd=00 acc=00 8d38=01
P9 t=256 transport=00 subtick=00 wd=00 acc=00 8d38=01
P9 t=257 transport=00 subtick=00 wd=00 acc=00 8d38=01
P9 t=258 transport=00 subtick=00 wd=00 acc=00 8d38=01
P9 t=259 transport=00 subtick=00 wd=00 acc=00 8d38=01
P9 t=260 transport=00 subtick=00 wd=00 acc=00 8d38=01
P9 t=261 transport=00 subtick=00 wd=00 acc=00 8d38=01
P9 t=262 transport=00 subtick=00 wd=00 acc=00 8d38=01
P9 t=263 transport=00 subtick=00 wd=00 acc=00 8d38=01
P9 t=264 transport=00 subtick=00 wd=00 acc=00 8d38=01
P9 t=265 transport=00 subtick=00 wd=00 acc=00 8d38=01
P9 t=266 transport=00 subtick=00 wd=00 acc=00 8d38=01
P9 t=267 transport=00 subtick=00 wd=00 acc=00 8d38=01
P9 t=268 transport=00 subtick=00 wd=00 acc=00 8d38=01
P9 t=269 transport=00 subtick=00 wd=00 acc=00 8d38=01
P9 t=270 transport=00 subtick=00 wd=00 acc=00 8d38=01
P9 t=271 transport=00 subtick=00 wd=00 acc=00 8d38=01
P9 t=272 transport=00 subtick=00 wd=00 acc=00 8d38=01
P9 t=273 transport=00 subtick=00 wd=00 acc=00 8d38=01
P9 t=274 transport=00 subtick=00 wd=00 acc=00 8d38=01
P9 t=275 transport=00 subtick=00 wd=00 acc=00 8d38=01
P9 t=276 transport=00 subtick=00 wd=00 acc=00 8d38=01
P9 t=277 transport=00 subtick=00 wd=00 acc=00 8d38=01
P9 t=278 transport=00 subtick=00 wd=00 acc=00 8d38=01
P9 t=279 transport=00 subtick=00 wd=00 acc=00 8d38=01
P9 t=280 transport=00 subtick=00 wd=00 acc=00 8d38=01
P9 t=281 transport=00 subtick=00 wd=00 acc=00 8d38=01
P9 t=282 transport=00 subtick=00 wd=00 acc=00 8d38=01
P9 t=283 transport=00 subtick=00 wd=00 acc=00 8d38=01
P9 t=284 transport=00 subtick=00 wd=00 acc=00 8d38=01
P9 t=285 transport=00 subtick=00 wd=00 acc=00 8d38=01
P9 t=286 transport=00 subtick=00 wd=00 acc=00 8d38=01
P9 t=287 transport=00 subtick=00 wd=00 acc=00 8d38=01
P9 t=288 transport=00 subtick=00 wd=00 acc=00 8d38=01
P9 t=289 transport=00 subtick=00 wd=00 acc=00 8d38=01
P9 t=290 transport=00 subtick=00 wd=00 acc=00 8d38=01
P9 t=291 transport=00 subtick=00 wd=00 acc=00 8d38=01
P9 t=292 transport=00 subtick=00 wd=00 acc=00 8d38=01
P9 t=293 transport=00 subtick=00 wd=00 acc=00 8d38=01
P9 t=294 transport=00 subtick=00 wd=00 acc=00 8d38=01
P9 t=295 transport=00 subtick=00 wd=00 acc=00 8d38=01
P9 t=296 transport=00 subtick=00 wd=00 acc=00 8d38=01
P9 t=297 transport=00 subtick=00 wd=00 acc=00 8d38=01
P9 t=298 transport=00 subtick=00 wd=00 acc=00 8d38=01
P9 t=299 transport=00 subtick=00 wd=00 acc=00 8d38=01
P9 t=300 transport=00 subtick=00 wd=00 acc=00 8d38=01
Average speed: 116.53% (299 seconds)
