kn5000_subcpu_boot.ic30 ROM NEEDS REDUMP
kn5000_rhythm_data_rom.ic14 ROM NEEDS REDUMP
kn5000_waveform_rom.ic307 ROM NEEDS REDUMP
kn5000_waveform_rom.ic307 ROM NEEDS REDUMP
kn5000_waveform_rom.ic307 ROM NEEDS REDUMP
WARNING: the machine might not run correctly.
PM demo engaged at t=23.97 -- watching 0x10420
PM t=  24.19 0xFFFF -> 0x0000  cleared=0x0000 set=0x0000  PC=0x00EF3FCA
PM t=  24.19 rewrite 0x0000 (no change)  PC=0x00EF40A9   (first time)
PM t=  24.22 0x0000 -> 0x0003  cleared=0x0000 set=0x0003  PC=0x00EF4047
PM t=  24.22 0x0003 -> 0x0300  cleared=0x0003 set=0x0300  PC=0x00EF4047
PM t=  24.24 0x0300 -> 0x0000  cleared=0x0300 set=0x0000  PC=0x00EF40A9
PM t=  24.24 0x0000 -> 0x8100  cleared=0x0000 set=0x8100  PC=0x00EF40A9
PM t=  24.26 0x8100 -> 0x0010  cleared=0x8100 set=0x0010  PC=0x00EF40A9
PM t=  24.26 0x0010 -> 0x0F00  cleared=0x0010 set=0x0F00  PC=0x00EF40A9
PM t=  24.29 0x0F00 -> 0x0007  cleared=0x0F00 set=0x0007  PC=0x00EF40A9
PM t=  24.29 0x0007 -> 0x0000  cleared=0x0007 set=0x0000  PC=0x00EF40A9
PM t=  24.31 0x0000 -> 0x8100  cleared=0x0000 set=0x8100  PC=0x00EF40A9
PM t=  24.33 0x8100 -> 0x0064  cleared=0x8100 set=0x0064  PC=0x00EF40A9
PM t=  24.33 0x0064 -> 0x0500  cleared=0x0064 set=0x0500  PC=0x00EF40A9
PM t=  24.35 0x0500 -> 0x0098  cleared=0x0500 set=0x0098  PC=0x00EF40A9
PM t=  24.35 0x0098 -> 0x2700  cleared=0x0098 set=0x2700  PC=0x00EF4047
PM t=  24.38 0x2700 -> 0x0050  cleared=0x2700 set=0x0050  PC=0x00EF4047
PM t=  24.38 0x0050 -> 0x1E00  cleared=0x0050 set=0x1E00  PC=0x00EF4047
PM t=  24.40 0x1E00 -> 0x004A  cleared=0x1E00 set=0x004A  PC=0x00EF4047
PM t=  24.40 0x004A -> 0x0400  cleared=0x004A set=0x0400  PC=0x00EF4047
Average speed: 112.47% (169 seconds)
