bootstrap: ax=13.931 bx=1.60216 ay=13.536 by=2.04098 sigx=1.487 sigy=0.784 rms=2.65 c1=0.929
  prefix[0] = 8   8:3.85  0:4.16  B:4.28
  prefix[1] = 4   4:3.85  9:5.41  A:5.45
  prefix[2] = 0   0:3.85  B:4.25  8:4.31
  prefix[3] = 0   0:3.85  8:3.98  B:4.39
  prefix[4] = 0   0:3.85  8:4.00  B:4.44
  prefix[5] = 0   0:3.85  8:4.05  9:4.33
  refine it0 rms=3.247  ax=13.974 bx=1.60203 ay=13.550 by=2.04088  wx=1.506 wy=0.748
  refine it1 rms=3.133  ax=13.991 bx=1.60207 ay=13.551 by=2.04087  wx=1.414 wy=0.790
  refine it2 rms=3.108  ax=13.995 bx=1.60206 ay=13.551 by=2.04087  wx=1.411 wy=0.806
  refine it3 rms=3.105  ax=14.008 bx=1.60198 ay=13.551 by=2.04087  wx=1.412 wy=0.809
  refine it4 rms=3.104  ax=14.011 bx=1.60196 ay=13.551 by=2.04087  wx=1.414 wy=0.807
  refine it0 rms=3.802  ax=13.884 bx=1.60269 ay=13.551 by=2.04087  wx=1.449 wy=0.879
  refine it1 rms=3.721  ax=13.773 bx=1.60325 ay=13.551 by=2.04087  wx=1.409 wy=0.878
  refine it2 rms=3.656  ax=13.642 bx=1.60396 ay=13.551 by=2.04087  wx=1.411 wy=0.881
  EM round 0 rms=3.656
  refine it0 rms=3.523  ax=13.571 bx=1.60434 ay=13.551 by=2.04087  wx=1.436 wy=0.886
  refine it1 rms=3.492  ax=13.554 bx=1.60446 ay=13.551 by=2.04087  wx=1.415 wy=0.886
  refine it2 rms=3.489  ax=13.535 bx=1.60462 ay=13.551 by=2.04087  wx=1.415 wy=0.887
  EM round 1 rms=3.489
166.2s
84008000  5A 5A 00 80 4A 48 28 08 00 00 00 00 00 80 80 80
84000010  00 00 00 00 00 00 00 00 00 00 00 00 00 00 00 00
84000020  40 12 20 20 20 20 20 20 20 20 20 20 20 20 20 20
84000030  20 20 00 00 10 48 69 00 20 DD 35 F9 02 00 00 00
84000040  00 35 50 50 28 00 40 40 40 40 40 40 40 40 6C 40
84000050  1C 40 40 48 80 02 40 00 00 00 00 00 77 58 24 01
84000060  00 00 80 80 80 80 80 80 80 80 80 80 80 80 17 00
84000070  23 00 00 00 00 00 00 00 00 00 00 00 00 00 11 48
84000080  3D 00 20 FE 35 F9 02 00 00 00 00 48 50 50 28 00
84000090  40 40 40 48 48 40 40 40 6C 40 1C 40 50 40 80 02
840000A0  40 00 00 00 00 00 77 58 24 01 00 00 80 80 80 80
840000B0  80 80 80 80 80 80 80 80 17 00 23 01 00 00 00 00
840000C0  00 00 00 00 00 00 00 00 12 48 05 00 20 F9 25 08
840000D0  02 00 00 00 00 9E 50 D0 28 00 40 40 40 40 40 40
840000E0  40 40 6C 48 1C 40 30 40 80 02 40 00 00 00 00 00
B40000F0  80 60 34 00 00 00 80 80 80 80 80 80 88 88 38 38
base 84000000 ladder 14/16
row rms [6.75 6.52 6.44 8.33 6.71 7.56 7.5  6.87 7.27 7.86 6.3  7.78 6.59 6.48
 7.66 7.96]
vs photo transcription: 30/256
vs kn7000_table.rom   : 31/256
vs table.rom first 240: 29/240
